// Jest Snapshot v1, https://goo.gl/fbAQLP

exports[`Test actions Attributes updateAttributes returns action correctly 1`] = `
Object {
  "data": Array [
    "attr1",
    "attr2",
    "attr3",
    "attr4",
  ],
  "type": "UPDATE_ATTRIBUTES",
}
`;

exports[`Test actions Items updateItem returns correct item object 1`] = `
Object {
  "data": Object {
    "Item1": Object {
      "title": "Item1",
      "values": Object {},
    },
    "Item2": Object {
      "title": "Item2",
      "values": Object {},
    },
    "Item3": Object {
      "title": "Item3",
      "values": Object {},
    },
    "Item4": Object {
      "title": "Item4",
      "values": Object {},
    },
  },
  "type": "UPDATE_ITEMS",
}
`;

exports[`Test actions updateLanguage action correctly created 1`] = `
Object {
  "data": "np",
  "type": "UPDATE_LANGUAGE",
}
`;
