// Jest Snapshot v1, https://goo.gl/fbAQLP

exports[`ItemListPane Test should match saved snapshot 1`] = `
<body>
  <div>
    <h5
      class="MuiTypography-root MuiTypography-h5"
      style="margin-bottom: 8px;"
    >
      Items
    </h5>
    <div
      class="MuiBox-root MuiBox-root-147"
      style="margin-right: 8px;"
    >
      <div
        class="MuiFormControl-root MuiTextField-root"
        data-testid="inpNewitem"
        style="flex-grow: 1;"
      >
        <div
          class="MuiInputBase-root MuiInput-root MuiInput-underline MuiInputBase-formControl MuiInput-formControl"
        >
          <input
            aria-invalid="false"
            class="MuiInputBase-input MuiInput-input"
            placeholder="Add New Item"
            required=""
            type="text"
            value=""
          />
        </div>
      </div>
      <button
        class="MuiButtonBase-root MuiIconButton-root"
        data-testid="btnAdd"
        tabindex="0"
        type="button"
      >
        <span
          class="MuiIconButton-label"
        >
          <svg
            aria-hidden="true"
            class="MuiSvgIcon-root"
            focusable="false"
            role="presentation"
            viewBox="0 0 24 24"
          >
            <path
              d="M12 2C6.48 2 2 6.48 2 12s4.48 10 10 10 10-4.48 10-10S17.52 2 12 2zm4 11h-3v3c0 .55-.45 1-1 1s-1-.45-1-1v-3H8c-.55 0-1-.45-1-1s.45-1 1-1h3V8c0-.55.45-1 1-1s1 .45 1 1v3h3c.55 0 1 .45 1 1s-.45 1-1 1z"
            />
          </svg>
        </span>
        <span
          class="MuiTouchRipple-root"
        />
      </button>
    </div>
    <div
      class="MuiTabs-root MuiTabs-vertical"
    >
      <div
        class="MuiTabs-scrollable"
        style="width: 99px; height: 99px; position: absolute; top: -9999px; overflow: scroll;"
      />
      <div
        class="MuiTabs-scroller MuiTabs-scrollable"
        style="margin-bottom: 0px;"
      >
        <div
          class="MuiTabs-flexContainer MuiTabs-flexContainerVertical"
          role="tablist"
        />
        <span
          class="PrivateTabIndicator-root-227 PrivateTabIndicator-colorSecondary-229 MuiTabs-indicator PrivateTabIndicator-vertical-230"
          style="top: 0px; height: 0px;"
        />
      </div>
    </div>
  </div>
</body>
`;
